Archive member included because of file (symbol)

/Users/ravitejareddy/Google Drive/nrf51822_development/gcc-arm-none-eabi-4_9-2015q1/bin/../lib/gcc/arm-none-eabi/4.9.3/../../../../arm-none-eabi/lib/armv6-m/libc_nano.a(lib_a-exit.o)
                              /Users/ravitejareddy/Google Drive/nrf51822_development/gcc-arm-none-eabi-4_9-2015q1/bin/../lib/gcc/arm-none-eabi/4.9.3/../../../../arm-none-eabi/lib/armv6-m/crt0.o (exit)
/Users/ravitejareddy/Google Drive/nrf51822_development/gcc-arm-none-eabi-4_9-2015q1/bin/../lib/gcc/arm-none-eabi/4.9.3/../../../../arm-none-eabi/lib/armv6-m/libc_nano.a(lib_a-impure.o)
                              /Users/ravitejareddy/Google Drive/nrf51822_development/gcc-arm-none-eabi-4_9-2015q1/bin/../lib/gcc/arm-none-eabi/4.9.3/../../../../arm-none-eabi/lib/armv6-m/libc_nano.a(lib_a-exit.o) (_global_impure_ptr)
/Users/ravitejareddy/Google Drive/nrf51822_development/gcc-arm-none-eabi-4_9-2015q1/bin/../lib/gcc/arm-none-eabi/4.9.3/../../../../arm-none-eabi/lib/armv6-m/libc_nano.a(lib_a-init.o)
                              /Users/ravitejareddy/Google Drive/nrf51822_development/gcc-arm-none-eabi-4_9-2015q1/bin/../lib/gcc/arm-none-eabi/4.9.3/../../../../arm-none-eabi/lib/armv6-m/crt0.o (__libc_init_array)
/Users/ravitejareddy/Google Drive/nrf51822_development/gcc-arm-none-eabi-4_9-2015q1/bin/../lib/gcc/arm-none-eabi/4.9.3/../../../../arm-none-eabi/lib/armv6-m/libc_nano.a(lib_a-memset.o)
                              /Users/ravitejareddy/Google Drive/nrf51822_development/gcc-arm-none-eabi-4_9-2015q1/bin/../lib/gcc/arm-none-eabi/4.9.3/../../../../arm-none-eabi/lib/armv6-m/crt0.o (memset)
/Users/ravitejareddy/Google Drive/nrf51822_development/gcc-arm-none-eabi-4_9-2015q1/bin/../lib/gcc/arm-none-eabi/4.9.3/../../../../arm-none-eabi/lib/armv6-m/libnosys.a(_exit.o)
                              /Users/ravitejareddy/Google Drive/nrf51822_development/gcc-arm-none-eabi-4_9-2015q1/bin/../lib/gcc/arm-none-eabi/4.9.3/../../../../arm-none-eabi/lib/armv6-m/libc_nano.a(lib_a-exit.o) (_exit)
/Users/ravitejareddy/Google Drive/nrf51822_development/gcc-arm-none-eabi-4_9-2015q1/bin/../lib/gcc/arm-none-eabi/4.9.3/../../../../arm-none-eabi/lib/armv6-m/libc_nano.a(lib_a-printf.o)
                              _build/main.o (printf)
/Users/ravitejareddy/Google Drive/nrf51822_development/gcc-arm-none-eabi-4_9-2015q1/bin/../lib/gcc/arm-none-eabi/4.9.3/../../../../arm-none-eabi/lib/armv6-m/libc_nano.a(lib_a-findfp.o)
                              /Users/ravitejareddy/Google Drive/nrf51822_development/gcc-arm-none-eabi-4_9-2015q1/bin/../lib/gcc/arm-none-eabi/4.9.3/../../../../arm-none-eabi/lib/armv6-m/libc_nano.a(lib_a-printf.o) (__sinit)
/Users/ravitejareddy/Google Drive/nrf51822_development/gcc-arm-none-eabi-4_9-2015q1/bin/../lib/gcc/arm-none-eabi/4.9.3/../../../../arm-none-eabi/lib/armv6-m/libc_nano.a(lib_a-fwalk.o)
                              /Users/ravitejareddy/Google Drive/nrf51822_development/gcc-arm-none-eabi-4_9-2015q1/bin/../lib/gcc/arm-none-eabi/4.9.3/../../../../arm-none-eabi/lib/armv6-m/libc_nano.a(lib_a-findfp.o) (_fwalk)
/Users/ravitejareddy/Google Drive/nrf51822_development/gcc-arm-none-eabi-4_9-2015q1/bin/../lib/gcc/arm-none-eabi/4.9.3/../../../../arm-none-eabi/lib/armv6-m/libc_nano.a(lib_a-nano-mallocr.o)
                              /Users/ravitejareddy/Google Drive/nrf51822_development/gcc-arm-none-eabi-4_9-2015q1/bin/../lib/gcc/arm-none-eabi/4.9.3/../../../../arm-none-eabi/lib/armv6-m/libc_nano.a(lib_a-findfp.o) (_malloc_r)
/Users/ravitejareddy/Google Drive/nrf51822_development/gcc-arm-none-eabi-4_9-2015q1/bin/../lib/gcc/arm-none-eabi/4.9.3/../../../../arm-none-eabi/lib/armv6-m/libc_nano.a(lib_a-nano-vfprintf.o)
                              /Users/ravitejareddy/Google Drive/nrf51822_development/gcc-arm-none-eabi-4_9-2015q1/bin/../lib/gcc/arm-none-eabi/4.9.3/../../../../arm-none-eabi/lib/armv6-m/libc_nano.a(lib_a-printf.o) (_vfprintf_r)
/Users/ravitejareddy/Google Drive/nrf51822_development/gcc-arm-none-eabi-4_9-2015q1/bin/../lib/gcc/arm-none-eabi/4.9.3/../../../../arm-none-eabi/lib/armv6-m/libc_nano.a(lib_a-nano-vfprintf_i.o)
                              /Users/ravitejareddy/Google Drive/nrf51822_development/gcc-arm-none-eabi-4_9-2015q1/bin/../lib/gcc/arm-none-eabi/4.9.3/../../../../arm-none-eabi/lib/armv6-m/libc_nano.a(lib_a-nano-vfprintf.o) (_printf_i)
/Users/ravitejareddy/Google Drive/nrf51822_development/gcc-arm-none-eabi-4_9-2015q1/bin/../lib/gcc/arm-none-eabi/4.9.3/../../../../arm-none-eabi/lib/armv6-m/libc_nano.a(lib_a-sbrkr.o)
                              /Users/ravitejareddy/Google Drive/nrf51822_development/gcc-arm-none-eabi-4_9-2015q1/bin/../lib/gcc/arm-none-eabi/4.9.3/../../../../arm-none-eabi/lib/armv6-m/libc_nano.a(lib_a-nano-mallocr.o) (_sbrk_r)
/Users/ravitejareddy/Google Drive/nrf51822_development/gcc-arm-none-eabi-4_9-2015q1/bin/../lib/gcc/arm-none-eabi/4.9.3/../../../../arm-none-eabi/lib/armv6-m/libc_nano.a(lib_a-stdio.o)
[...]
Memory Configuration

Name             Origin             Length             Attributes
FLASH            0x0000000000000000 0x0000000000040000 xr
RAM              0x0000000020000000 0x0000000000002000 xrw
*default*        0x0000000000000000 0xffffffffffffffff

Linker script and memory map

LOAD /Users/ravitejareddy/Google Drive/nrf51822_development/gcc-arm-none-eabi-4_9-2015q1/bin/../lib/gcc/arm-none-eabi/4.9.3/armv6-m/crti.o
LOAD /Users/ravitejareddy/Google Drive/nrf51822_development/gcc-arm-none-eabi-4_9-2015q1/bin/../lib/gcc/arm-none-eabi/4.9.3/armv6-m/crtbegin.o
LOAD /Users/ravitejareddy/Google Drive/nrf51822_development/gcc-arm-none-eabi-4_9-2015q1/bin/../lib/gcc/arm-none-eabi/4.9.3/../../../../arm-none-eabi/lib/armv6-m/crt0.o
LOAD /Users/ravitejareddy/Google Drive/nrf51822_development/gcc-arm-none-eabi-4_9-2015q1/bin/../lib/gcc/arm-none-eabi/4.9.3/../../../../arm-none-eabi/lib/armv6-m/libc_nano.a
LOAD /Users/ravitejareddy/Google Drive/nrf51822_development/gcc-arm-none-eabi-4_9-2015q1/bin/../lib/gcc/arm-none-eabi/4.9.3/../../../../arm-none-eabi/lib/armv6-m/libnosys.a
LOAD _build/system_nrf51.o
LOAD _build/main.o
LOAD _build/app_error.o
LOAD _build/app_fifo.o
LOAD _build/app_util_platform.o
LOAD _build/nrf_assert.o
LOAD _build/retarget.o
LOAD _build/app_uart_fifo.o
LOAD _build/nrf_delay.o
LOAD _build/nrf_drv_common.o
LOAD _build/nrf_drv_gpiote.o
LOAD _build/gcc_startup_nrf51.o
START GROUP
LOAD /Users/ravitejareddy/Google Drive/nrf51822_development/gcc-arm-none-eabi-4_9-2015q1/bin/../lib/gcc/arm-none-eabi/4.9.3/armv6-m/libgcc.a
LOAD /Users/ravitejareddy/Google Drive/nrf51822_development/gcc-arm-none-eabi-4_9-2015q1/bin/../lib/gcc/arm-none-eabi/4.9.3/../../../../arm-none-eabi/lib/armv6-m/libc_nano.a
END GROUP
START GROUP
LOAD /Users/ravitejareddy/Google Drive/nrf51822_development/gcc-arm-none-eabi-4_9-2015q1/bin/../lib/gcc/arm-none-eabi/4.9.3/armv6-m/libgcc.a
LOAD /Users/ravitejareddy/Google Drive/nrf51822_development/gcc-arm-none-eabi-4_9-2015q1/bin/../lib/gcc/arm-none-eabi/4.9.3/../../../../arm-none-eabi/lib/armv6-m/libc_nano.a
END GROUP
LOAD /Users/ravitejareddy/Google Drive/nrf51822_development/gcc-arm-none-eabi-4_9-2015q1/bin/../lib/gcc/arm-none-eabi/4.9.3/armv6-m/crtend.o
LOAD /Users/ravitejareddy/Google Drive/nrf51822_development/gcc-arm-none-eabi-4_9-2015q1/bin/../lib/gcc/arm-none-eabi/4.9.3/armv6-m/crtn.o
START GROUP
LOAD /Users/ravitejareddy/Google Drive/nrf51822_development/gcc-arm-none-eabi-4_9-2015q1/bin/../lib/gcc/arm-none-eabi/4.9.3/armv6-m/libgcc.a
LOAD /Users/ravitejareddy/Google Drive/nrf51822_development/gcc-arm-none-eabi-4_9-2015q1/bin/../lib/gcc/arm-none-eabi/4.9.3/../../../../arm-none-eabi/lib/armv6-m/libc.a
LOAD /Users/ravitejareddy/Google Drive/nrf51822_development/gcc-arm-none-eabi-4_9-2015q1/bin/../lib/gcc/arm-none-eabi/4.9.3/../../../../arm-none-eabi/lib/armv6-m/libnosys.a
END GROUP

.text           0x0000000000000000     0x2018
 *(.Vectors)
 .Vectors       0x0000000000000000       0xc0 _build/gcc_startup_nrf51.o
                0x0000000000000000                __Vectors
 *(.text*)
 .text          0x00000000000000c0       0x78 /Users/ravitejareddy/Google Drive/nrf51822_development/gcc-arm-none-eabi-4_9-2015q1/bin/../lib/gcc/arm-none-eabi/4.9.3/../../../../arm-none-eabi/lib/armv6-m/crt0.o
                0x00000000000000c0                _mainCRTStartup
                0x00000000000000c0                _start
 .text.exit     0x0000000000000138       0x2c /Users/ravitejareddy/Google Drive/nrf51822_development/gcc-arm-none-eabi-4_9-2015q1/bin/../lib/gcc/arm-none-eabi/4.9.3/../../../../arm-none-eabi/lib/armv6-m/libc_nano.a(lib_a-exit.o)
                0x0000000000000138                exit
 .text.__libc_init_array
                0x0000000000000164       0x4c /Users/ravitejareddy/Google Drive/nrf51822_development/gcc-arm-none-eabi-4_9-2015q1/bin/../lib/gcc/arm-none-eabi/4.9.3/../../../../arm-none-eabi/lib/armv6-m/libc_nano.a(lib_a-init.o)
                0x0000000000000164                __libc_init_array
 .text.memset   0x00000000000001b0       0x10 /Users/ravitejareddy/Google Drive/nrf51822_development/gcc-arm-none-eabi-4_9-2015q1/bin/../lib/gcc/arm-none-eabi/4.9.3/../../../../arm-none-eabi/lib/armv6-m/libc_nano.a(lib_a-memset.o)
                0x00000000000001b0                memset
 .text._exit    0x00000000000001c0        0x4 /Users/ravitejareddy/Google Drive/nrf51822_development/gcc-arm-none-eabi-4_9-2015q1/bin/../lib/gcc/arm-none-eabi/4.9.3/../../../../arm-none-eabi/lib/armv6-m/libnosys.a(_exit.o)
                0x00000000000001c0                _exit
 .text.SystemInit
                0x00000000000001c4       0x9c _build/system_nrf51.o
                0x00000000000001c4                SystemInit
 .text.uart_error_handle
                0x0000000000000260       0x1c _build/main.o
                0x0000000000000260                uart_error_handle
 .text.startup.main
                0x000000000000027c       0xcc _build/main.o
                0x000000000000027c                main
 .text.app_error_handler
                0x0000000000000348       0x18 _build/app_error.o
                0x0000000000000348                app_error_handler
 .text.app_fifo_init
                0x0000000000000360       0x28 _build/app_fifo.o
                0x0000000000000360                app_fifo_init
 .text.app_fifo_put
                0x0000000000000388       0x28 _build/app_fifo.o
                0x0000000000000388                app_fifo_put
 .text.app_fifo_get
                0x00000000000003b0       0x24 _build/app_fifo.o
                0x00000000000003b0                app_fifo_get
 .text._write   0x00000000000003d4       0x1c _build/retarget.o
                0x00000000000003d4                _write
 .text._read    0x00000000000003f0       0x14 _build/retarget.o
                0x00000000000003f0                _read
 .text.gpiote_uart_event_handler
                0x0000000000000404       0xc0 _build/app_uart_fifo.o
 .text.UART0_IRQHandler
                0x00000000000004c4      0x124 _build/app_uart_fifo.o
                0x00000000000004c4                UART0_IRQHandler
 .text.app_uart_init
                0x00000000000005e8      0x2b0 _build/app_uart_fifo.o
                0x00000000000005e8                app_uart_init
 .text.app_uart_get
                0x0000000000000898       0x10 _build/app_uart_fifo.o
                0x0000000000000898                app_uart_get
 .text.app_uart_put
                0x00000000000008a8       0x80 _build/app_uart_fifo.o
                0x00000000000008a8                app_uart_put
 .text.nrf_drv_common_irq_enable
                0x0000000000000928       0x80 _build/nrf_drv_common.o
                0x0000000000000928                nrf_drv_common_irq_enable
 .text.nrf_drv_gpiote_init
                0x00000000000009a8       0x5c _build/nrf_drv_gpiote.o
                0x00000000000009a8                nrf_drv_gpiote_init
 .text.nrf_drv_gpiote_is_init
                0x0000000000000a04       0x10 _build/nrf_drv_gpiote.o
                0x0000000000000a04                nrf_drv_gpiote_is_init
 .text.nrf_drv_gpiote_out_init
                0x0000000000000a14       0xd4 _build/nrf_drv_gpiote.o
                0x0000000000000a14                nrf_drv_gpiote_out_init
 .text.nrf_drv_gpiote_in_init
                0x0000000000000ae8      0x144 _build/nrf_drv_gpiote.o
                0x0000000000000ae8                nrf_drv_gpiote_in_init
 .text.nrf_drv_gpiote_in_event_enable
                0x0000000000000c2c       0x98 _build/nrf_drv_gpiote.o
                0x0000000000000c2c                nrf_drv_gpiote_in_event_enable
 .text.nrf_drv_gpiote_in_is_set
                0x0000000000000cc4       0x14 _build/nrf_drv_gpiote.o
                0x0000000000000cc4                nrf_drv_gpiote_in_is_set
 .text.GPIOTE_IRQHandler
                0x0000000000000cd8      0x298 _build/nrf_drv_gpiote.o
                0x0000000000000cd8                GPIOTE_IRQHandler
 .text          0x0000000000000f70       0x54 _build/gcc_startup_nrf51.o
                0x0000000000000f70                Reset_Handler
                0x0000000000000fb8                NMI_Handler
                0x0000000000000fba                HardFault_Handler
                0x0000000000000fbc                SVC_Handler
                0x0000000000000fbe                PendSV_Handler
                0x0000000000000fc0                SysTick_Handler
                0x0000000000000fc2                SWI4_IRQHandler
                0x0000000000000fc2                TEMP_IRQHandler
                0x0000000000000fc2                QDEC_IRQHandler
                0x0000000000000fc2                SWI5_IRQHandler
                0x0000000000000fc2                TIMER0_IRQHandler
                0x0000000000000fc2                SWI0_IRQHandler
                0x0000000000000fc2                TIMER1_IRQHandler
                0x0000000000000fc2                ECB_IRQHandler
                0x0000000000000fc2                Default_Handler
                0x0000000000000fc2                ADC_IRQHandler
                0x0000000000000fc2                SWI3_IRQHandler
                0x0000000000000fc2                CCM_AAR_IRQHandler
                0x0000000000000fc2                WDT_IRQHandler
                0x0000000000000fc2                SWI2_IRQHandler
                0x0000000000000fc2                RNG_IRQHandler
                0x0000000000000fc2                SPI1_TWI1_IRQHandler
                0x0000000000000fc2                RTC1_IRQHandler
                0x0000000000000fc2                TIMER2_IRQHandler
                0x0000000000000fc2                SWI1_IRQHandler
                0x0000000000000fc2                SPI0_TWI0_IRQHandler
                0x0000000000000fc2                RTC0_IRQHandler
                0x0000000000000fc2                POWER_CLOCK_IRQHandler
                0x0000000000000fc2                RADIO_IRQHandler
                0x0000000000000fc2                LPCOMP_IRQHandler
 .text.printf   0x0000000000000fc4       0x34 /Users/ravitejareddy/Google Drive/nrf51822_development/gcc-arm-none-eabi-4_9-2015q1/bin/../lib/gcc/arm-none-eabi/4.9.3/../../../../arm-none-eabi/lib/armv6-m/libc_nano.a(lib_a-printf.o)
                0x0000000000000fc4                printf
                0x0000000000000fc4                iprintf
 .text._cleanup_r
                0x0000000000000ff8       0x10 /Users/ravitejareddy/Google Drive/nrf51822_development/gcc-arm-none-eabi-4_9-2015q1/bin/../lib/gcc/arm-none-eabi/4.9.3/../../../../arm-none-eabi/lib/armv6-m/libc_nano.a(lib_a-findfp.o)
                0x0000000000000ff8                _cleanup_r
 .text.std.isra.0
                0x0000000000001008       0x48 /Users/ravitejareddy/Google Drive/nrf51822_development/gcc-arm-none-eabi-4_9-2015q1/bin/../lib/gcc/arm-none-eabi/4.9.3/../../../../arm-none-eabi/lib/armv6-m/libc_nano.a(lib_a-findfp.o)
 .text.__sfmoreglue
                0x0000000000001050       0x2c /Users/ravitejareddy/Google Drive/nrf51822_development/gcc-arm-none-eabi-4_9-2015q1/bin/../lib/gcc/arm-none-eabi/4.9.3/../../../../arm-none-eabi/lib/armv6-m/libc_nano.a(lib_a-findfp.o)
                0x0000000000001050                __sfmoreglue
 .text.__sinit  0x000000000000107c       0x64 /Users/ravitejareddy/Google Drive/nrf51822_development/gcc-arm-none-eabi-4_9-2015q1/bin/../lib/gcc/arm-none-eabi/4.9.3/../../../../arm-none-eabi/lib/armv6-m/libc_nano.a(lib_a-findfp.o)
                0x000000000000107c                __sinit
 .text.__sfp    0x00000000000010e0       0x7c /Users/ravitejareddy/Google Drive/nrf51822_development/gcc-arm-none-eabi-4_9-2015q1/bin/../lib/gcc/arm-none-eabi/4.9.3/../../../../arm-none-eabi/lib/armv6-m/libc_nano.a(lib_a-findfp.o)
                0x00000000000010e0                __sfp
 .text._fwalk_reent
                0x000000000000115c       0x42 /Users/ravitejareddy/Google Drive/nrf51822_development/gcc-arm-none-eabi-4_9-2015q1/bin/../lib/gcc/arm-none-eabi/4.9.3/../../../../arm-none-eabi/lib/armv6-m/libc_nano.a(lib_a-fwalk.o)
                0x000000000000115c                _fwalk_reent
 *fill*         0x000000000000119e        0x2 
 .text._malloc_r
                0x00000000000011a0       0xb0 /Users/ravitejareddy/Google Drive/nrf51822_development/gcc-arm-none-eabi-4_9-2015q1/bin/../lib/gcc/arm-none-eabi/4.9.3/../../../../arm-none-eabi/lib/armv6-m/libc_nano.a(lib_a-nano-mallocr.o)
                0x00000000000011a0                _malloc_r
 .text.__sfputc_r
                0x0000000000001250       0x2a /Users/ravitejareddy/Google Drive/nrf51822_development/gcc-arm-none-eabi-4_9-2015q1/bin/../lib/gcc/arm-none-eabi/4.9.3/../../../../arm-none-eabi/lib/armv6-m/libc_nano.a(lib_a-nano-vfprintf.o)
 .text.__sfputs_r
                0x000000000000127a       0x24 /Users/ravitejareddy/Google Drive/nrf51822_development/gcc-arm-none-eabi-4_9-2015q1/bin/../lib/gcc/arm-none-eabi/4.9.3/../../../../arm-none-eabi/lib/armv6-m/libc_nano.a(lib_a-nano-vfprintf.o)
                0x000000000000127a                __sfputs_r
 *fill*         0x000000000000129e        0x2 
 .text._vfprintf_r
                0x00000000000012a0      0x220 /Users/ravitejareddy/Google Drive/nrf51822_development/gcc-arm-none-eabi-4_9-2015q1/bin/../lib/gcc/arm-none-eabi/4.9.3/../../../../arm-none-eabi/lib/armv6-m/libc_nano.a(lib_a-nano-vfprintf.o)
                0x00000000000012a0                _vfiprintf_r
                0x00000000000012a0                _vfprintf_r
 .text._printf_common
                0x00000000000014c0       0xdc /Users/ravitejareddy/Google Drive/nrf51822_development/gcc-arm-none-eabi-4_9-2015q1/bin/../lib/gcc/arm-none-eabi/4.9.3/../../../../arm-none-eabi/lib/armv6-m/libc_nano.a(lib_a-nano-vfprintf_i.o)
                0x00000000000014c0                _printf_common
 .text._printf_i
                0x000000000000159c      0x230 /Users/ravitejareddy/Google Drive/nrf51822_development/gcc-arm-none-eabi-4_9-2015q1/bin/../lib/gcc/arm-none-eabi/4.9.3/../../../../arm-none-eabi/lib/armv6-m/libc_nano.a(lib_a-nano-vfprintf_i.o)
                0x000000000000159c                _printf_i
 .text._sbrk_r  0x00000000000017cc       0x24 /Users/ravitejareddy/Google Drive/nrf51822_development/gcc-arm-none-eabi-4_9-2015q1/bin/../lib/gcc/arm-none-eabi/4.9.3/../../../../arm-none-eabi/lib/armv6-m/libc_nano.a(lib_a-sbrkr.o)
                0x00000000000017cc                _sbrk_r
 .text.__sread  0x00000000000017f0       0x28 /Users/ravitejareddy/Google Drive/nrf51822_development/gcc-arm-none-eabi-4_9-2015q1/bin/../lib/gcc/arm-none-eabi/4.9.3/../../../../arm-none-eabi/lib/armv6-m/libc_nano.a(lib_a-stdio.o)
                0x00000000000017f0                __sread
 .text.__swrite
                0x0000000000001818       0x38 /Users/ravitejareddy/Google Drive/nrf51822_development/gcc-arm-none-eabi-4_9-2015q1/bin/../lib/gcc/arm-none-eabi/4.9.3/../../../../arm-none-eabi/lib/armv6-m/libc_nano.a(lib_a-stdio.o)
                0x0000000000001818                __swrite
 .text.__sseek  0x0000000000001850       0x2c /Users/ravitejareddy/Google Drive/nrf51822_development/gcc-arm-none-eabi-4_9-2015q1/bin/../lib/gcc/arm-none-eabi/4.9.3/../../../../arm-none-eabi/lib/armv6-m/libc_nano.a(lib_a-stdio.o)
                0x0000000000001850                __sseek
 .text.__sclose
                0x000000000000187c        0xc /Users/ravitejareddy/Google Drive/nrf51822_development/gcc-arm-none-eabi-4_9-2015q1/bin/../lib/gcc/arm-none-eabi/4.9.3/../../../../arm-none-eabi/lib/armv6-m/libc_nano.a(lib_a-stdio.o)
                0x000000000000187c                __sclose
 .text.__swbuf_r
                0x0000000000001888       0xb0 /Users/ravitejareddy/Google Drive/nrf51822_development/gcc-arm-none-eabi-4_9-2015q1/bin/../lib/gcc/arm-none-eabi/4.9.3/../../../../arm-none-eabi/lib/armv6-m/libc_nano.a(lib_a-wbuf.o)
                0x0000000000001888                __swbuf_r
 .text._write_r
                0x0000000000001938       0x28 /Users/ravitejareddy/Google Drive/nrf51822_development/gcc-arm-none-eabi-4_9-2015q1/bin/../lib/gcc/arm-none-eabi/4.9.3/../../../../arm-none-eabi/lib/armv6-m/libc_nano.a(lib_a-writer.o)
                0x0000000000001938                _write_r
 .text.__swsetup_r
                0x0000000000001960       0xe8 /Users/ravitejareddy/Google Drive/nrf51822_development/gcc-arm-none-eabi-4_9-2015q1/bin/../lib/gcc/arm-none-eabi/4.9.3/../../../../arm-none-eabi/lib/armv6-m/libc_nano.a(lib_a-wsetup.o)
                0x0000000000001960                __swsetup_r
 .text._close_r
                0x0000000000001a48       0x24 /Users/ravitejareddy/Google Drive/nrf51822_development/gcc-arm-none-eabi-4_9-2015q1/bin/../lib/gcc/arm-none-eabi/4.9.3/../../../../arm-none-eabi/lib/armv6-m/libc_nano.a(lib_a-closer.o)
                0x0000000000001a48                _close_r
 .text.__sflush_r
                0x0000000000001a6c      0x112 /Users/ravitejareddy/Google Drive/nrf51822_development/gcc-arm-none-eabi-4_9-2015q1/bin/../lib/gcc/arm-none-eabi/4.9.3/../../../../arm-none-eabi/lib/armv6-m/libc_nano.a(lib_a-fflush.o)
                0x0000000000001a6c                __sflush_r
 *fill*         0x0000000000001b7e        0x2 
 .text._fflush_r
                0x0000000000001b80       0x58 /Users/ravitejareddy/Google Drive/nrf51822_development/gcc-arm-none-eabi-4_9-2015q1/bin/../lib/gcc/arm-none-eabi/4.9.3/../../../../arm-none-eabi/lib/armv6-m/libc_nano.a(lib_a-fflush.o)
                0x0000000000001b80                _fflush_r
 .text._lseek_r
                0x0000000000001bd8       0x28 /Users/ravitejareddy/Google Drive/nrf51822_development/gcc-arm-none-eabi-4_9-2015q1/bin/../lib/gcc/arm-none-eabi/4.9.3/../../../../arm-none-eabi/lib/armv6-m/libc_nano.a(lib_a-lseekr.o)
                0x0000000000001bd8                _lseek_r
 .text.__smakebuf_r
                0x0000000000001c00       0xb0 /Users/ravitejareddy/Google Drive/nrf51822_development/gcc-arm-none-eabi-4_9-2015q1/bin/../lib/gcc/arm-none-eabi/4.9.3/../../../../arm-none-eabi/lib/armv6-m/libc_nano.a(lib_a-makebuf.o)
                0x0000000000001c00                __smakebuf_r
 .text.memchr   0x0000000000001cb0       0x16 /Users/ravitejareddy/Google Drive/nrf51822_development/gcc-arm-none-eabi-4_9-2015q1/bin/../lib/gcc/arm-none-eabi/4.9.3/../../../../arm-none-eabi/lib/armv6-m/libc_nano.a(lib_a-memchr.o)
                0x0000000000001cb0                memchr
 *fill*         0x0000000000001cc6        0x2 
 .text._free_r  0x0000000000001cc8       0x8c /Users/ravitejareddy/Google Drive/nrf51822_development/gcc-arm-none-eabi-4_9-2015q1/bin/../lib/gcc/arm-none-eabi/4.9.3/../../../../arm-none-eabi/lib/armv6-m/libc_nano.a(lib_a-nano-freer.o)
                0x0000000000001cc8                _free_r
 .text._read_r  0x0000000000001d54       0x28 /Users/ravitejareddy/Google Drive/nrf51822_development/gcc-arm-none-eabi-4_9-2015q1/bin/../lib/gcc/arm-none-eabi/4.9.3/../../../../arm-none-eabi/lib/armv6-m/libc_nano.a(lib_a-readr.o)
                0x0000000000001d54                _read_r
 .text._fstat_r
                0x0000000000001d7c       0x24 /Users/ravitejareddy/Google Drive/nrf51822_development/gcc-arm-none-eabi-4_9-2015q1/bin/../lib/gcc/arm-none-eabi/4.9.3/../../../../arm-none-eabi/lib/armv6-m/libc_nano.a(lib_a-fstatr.o)
                0x0000000000001d7c                _fstat_r
 .text._isatty_r
                0x0000000000001da0       0x24 /Users/ravitejareddy/Google Drive/nrf51822_development/gcc-arm-none-eabi-4_9-2015q1/bin/../lib/gcc/arm-none-eabi/4.9.3/../../../../arm-none-eabi/lib/armv6-m/libc_nano.a(lib_a-isattyr.o)
                0x0000000000001da0                _isatty_r
 .text          0x0000000000001dc4      0x120 /Users/ravitejareddy/Google Drive/nrf51822_development/gcc-arm-none-eabi-4_9-2015q1/bin/../lib/gcc/arm-none-eabi/4.9.3/armv6-m/libgcc.a(_udivsi3.o)
                0x0000000000001dc4                __udivsi3
                0x0000000000001dc4                __aeabi_uidiv
                0x0000000000001ed0                __aeabi_uidivmod
 .text          0x0000000000001ee4        0x4 /Users/ravitejareddy/Google Drive/nrf51822_development/gcc-arm-none-eabi-4_9-2015q1/bin/../lib/gcc/arm-none-eabi/4.9.3/armv6-m/libgcc.a(_dvmd_tls.o)
                0x0000000000001ee4                __aeabi_ldiv0
                0x0000000000001ee4                __aeabi_idiv0
 .text._close   0x0000000000001ee8       0x10 /Users/ravitejareddy/Google Drive/nrf51822_development/gcc-arm-none-eabi-4_9-2015q1/bin/../lib/gcc/arm-none-eabi/4.9.3/../../../../arm-none-eabi/lib/armv6-m/libnosys.a(close.o)
                0x0000000000001ee8                _close
 .text._fstat   0x0000000000001ef8       0x10 /Users/ravitejareddy/Google Drive/nrf51822_development/gcc-arm-none-eabi-4_9-2015q1/bin/../lib/gcc/arm-none-eabi/4.9.3/../../../../arm-none-eabi/lib/armv6-m/libnosys.a(fstat.o)
                0x0000000000001ef8                _fstat
 .text._isatty  0x0000000000001f08       0x10 /Users/ravitejareddy/Google Drive/nrf51822_development/gcc-arm-none-eabi-4_9-2015q1/bin/../lib/gcc/arm-none-eabi/4.9.3/../../../../arm-none-eabi/lib/armv6-m/libnosys.a(isatty.o)
                0x0000000000001f08                _isatty
 .text._lseek   0x0000000000001f18       0x10 /Users/ravitejareddy/Google Drive/nrf51822_development/gcc-arm-none-eabi-4_9-2015q1/bin/../lib/gcc/arm-none-eabi/4.9.3/../../../../arm-none-eabi/lib/armv6-m/libnosys.a(lseek.o)
                0x0000000000001f18                _lseek
 .text._sbrk    0x0000000000001f28       0x1c /Users/ravitejareddy/Google Drive/nrf51822_development/gcc-arm-none-eabi-4_9-2015q1/bin/../lib/gcc/arm-none-eabi/4.9.3/../../../../arm-none-eabi/lib/armv6-m/libnosys.a(sbrk.o)
                0x0000000000001f28                _sbrk
 *(.init)
 .init          0x0000000000001f44        0x4 /Users/ravitejareddy/Google Drive/nrf51822_development/gcc-arm-none-eabi-4_9-2015q1/bin/../lib/gcc/arm-none-eabi/4.9.3/armv6-m/crti.o
                0x0000000000001f44                _init
 .init          0x0000000000001f48        0x8 /Users/ravitejareddy/Google Drive/nrf51822_development/gcc-arm-none-eabi-4_9-2015q1/bin/../lib/gcc/arm-none-eabi/4.9.3/armv6-m/crtn.o
 *(.fini)
 .fini          0x0000000000001f50        0x4 /Users/ravitejareddy/Google Drive/nrf51822_development/gcc-arm-none-eabi-4_9-2015q1/bin/../lib/gcc/arm-none-eabi/4.9.3/armv6-m/crti.o
                0x0000000000001f50                _fini
 .fini          0x0000000000001f54        0x8 /Users/ravitejareddy/Google Drive/nrf51822_development/gcc-arm-none-eabi-4_9-2015q1/bin/../lib/gcc/arm-none-eabi/4.9.3/armv6-m/crtn.o
 *crtbegin.o(.ctors)
 *crtbegin?.o(.ctors)
 *(EXCLUDE_FILE(*crtend.o *crtend?.o) .ctors)
 *(SORT(.ctors.*))
 *(.ctors)
 *crtbegin.o(.dtors)
 *crtbegin?.o(.dtors)
 *(EXCLUDE_FILE(*crtend.o *crtend?.o) .dtors)
 *(SORT(.dtors.*))
 *(.dtors)
 *(.rodata*)
 .rodata.str1.1
                0x0000000000001f5c        0x2 /Users/ravitejareddy/Google Drive/nrf51822_development/gcc-arm-none-eabi-4_9-2015q1/bin/../lib/gcc/arm-none-eabi/4.9.3/../../../../arm-none-eabi/lib/armv6-m/libc_nano.a(lib_a-impure.o)
 *fill*         0x0000000000001f5e        0x2 
 .rodata._global_impure_ptr
                0x0000000000001f60        0x4 /Users/ravitejareddy/Google Drive/nrf51822_development/gcc-arm-none-eabi-4_9-2015q1/bin/../lib/gcc/arm-none-eabi/4.9.3/../../../../arm-none-eabi/lib/armv6-m/libc_nano.a(lib_a-impure.o)
                0x0000000000001f60                _global_impure_ptr
 .rodata        0x0000000000001f64        0xc _build/main.o
 .rodata.str1.4
                0x0000000000001f70       0x14 _build/main.o
 .rodata.__sf_fake_stdin
                0x0000000000001f84       0x20 /Users/ravitejareddy/Google Drive/nrf51822_development/gcc-arm-none-eabi-4_9-2015q1/bin/../lib/gcc/arm-none-eabi/4.9.3/../../../../arm-none-eabi/lib/armv6-m/libc_nano.a(lib_a-findfp.o)
                0x0000000000001f84                __sf_fake_stdin
 .rodata.__sf_fake_stdout
                0x0000000000001fa4       0x20 /Users/ravitejareddy/Google Drive/nrf51822_development/gcc-arm-none-eabi-4_9-2015q1/bin/../lib/gcc/arm-none-eabi/4.9.3/../../../../arm-none-eabi/lib/armv6-m/libc_nano.a(lib_a-findfp.o)
                0x0000000000001fa4                __sf_fake_stdout
 .rodata.__sf_fake_stderr
                0x0000000000001fc4       0x20 /Users/ravitejareddy/Google Drive/nrf51822_development/gcc-arm-none-eabi-4_9-2015q1/bin/../lib/gcc/arm-none-eabi/4.9.3/../../../../arm-none-eabi/lib/armv6-m/libc_nano.a(lib_a-findfp.o)
                0x0000000000001fc4                __sf_fake_stderr
 .rodata.str1.1
                0x0000000000001fe4       0x11 /Users/ravitejareddy/Google Drive/nrf51822_development/gcc-arm-none-eabi-4_9-2015q1/bin/../lib/gcc/arm-none-eabi/4.9.3/../../../../arm-none-eabi/lib/armv6-m/libc_nano.a(lib_a-nano-vfprintf.o)
 .rodata.str1.1
                0x0000000000001ff5       0x22 /Users/ravitejareddy/Google Drive/nrf51822_development/gcc-arm-none-eabi-4_9-2015q1/bin/../lib/gcc/arm-none-eabi/4.9.3/../../../../arm-none-eabi/lib/armv6-m/libc_nano.a(lib_a-nano-vfprintf_i.o)
 *(.eh_frame*)
                0x0000000000002018                . = ALIGN (0x4)
 *fill*         0x0000000000002017        0x1 

.glue_7         0x0000000000002018        0x0
 .glue_7        0x0000000000000000        0x0 linker stubs

.glue_7t        0x0000000000002018        0x0
 .glue_7t       0x0000000000000000        0x0 linker stubs

.vfp11_veneer   0x0000000000002018        0x0
 .vfp11_veneer  0x0000000000000000        0x0 linker stubs

.v4_bx          0x0000000000002018        0x0
 .v4_bx         0x0000000000000000        0x0 linker stubs

.iplt           0x0000000000002018        0x0
 .iplt          0x0000000000000000        0x0 /Users/ravitejareddy/Google Drive/nrf51822_development/gcc-arm-none-eabi-4_9-2015q1/bin/../lib/gcc/arm-none-eabi/4.9.3/armv6-m/crtbegin.o

.ARM.extab      0x0000000000002018        0x0
 *(.ARM.extab* .gnu.linkonce.armextab.*)
                0x0000000000002018                . = ALIGN (0x4)
                0x0000000000002018                __exidx_start = .

.ARM.exidx      0x0000000000002018        0x8
 *(.ARM.exidx* .gnu.linkonce.armexidx.*)
 .ARM.exidx     0x0000000000002018        0x8 /Users/ravitejareddy/Google Drive/nrf51822_development/gcc-arm-none-eabi-4_9-2015q1/bin/../lib/gcc/arm-none-eabi/4.9.3/../../../../arm-none-eabi/lib/armv6-m/crt0.o
 .ARM.exidx     0x0000000000002020        0x0 _build/gcc_startup_nrf51.o
                                          0x8 (size before relaxing)
                0x0000000000002020                . = ALIGN (0x4)
                0x0000000000002020                __exidx_end = .
                0x0000000000002020                __etext = .

.rel.dyn        0x0000000000002020        0x0
 .rel.iplt      0x0000000000000000        0x0 /Users/ravitejareddy/Google Drive/nrf51822_development/gcc-arm-none-eabi-4_9-2015q1/bin/../lib/gcc/arm-none-eabi/4.9.3/armv6-m/crtbegin.o

.data           0x0000000020000000       0x68 load address 0x0000000000002020
                0x0000000020000000                __data_start__ = .
 *(vtable)
 *(.data*)
 .data.impure_data
                0x0000000020000000       0x60 /Users/ravitejareddy/Google Drive/nrf51822_development/gcc-arm-none-eabi-4_9-2015q1/bin/../lib/gcc/arm-none-eabi/4.9.3/../../../../arm-none-eabi/lib/armv6-m/libc_nano.a(lib_a-impure.o)
 .data._impure_ptr
                0x0000000020000060        0x4 /Users/ravitejareddy/Google Drive/nrf51822_development/gcc-arm-none-eabi-4_9-2015q1/bin/../lib/gcc/arm-none-eabi/4.9.3/../../../../arm-none-eabi/lib/armv6-m/libc_nano.a(lib_a-impure.o)
                0x0000000020000060                _impure_ptr
 .data.m_instance_counter
                0x0000000020000064        0x1 _build/app_uart_fifo.o
                0x0000000020000068                . = ALIGN (0x4)
 *fill*         0x0000000020000065        0x3 
                0x0000000020000068                PROVIDE (__preinit_array_start, .)
 *(.preinit_array)
                0x0000000020000068                PROVIDE (__preinit_array_end, .)
                0x0000000020000068                . = ALIGN (0x4)
                0x0000000020000068                PROVIDE (__init_array_start, .)
 *(SORT(.init_array.*))
 *(.init_array)
                0x0000000020000068                PROVIDE (__init_array_end, .)
                0x0000000020000068                . = ALIGN (0x4)
                0x0000000020000068                PROVIDE (__fini_array_start, .)
 *(SORT(.fini_array.*))
 *(.fini_array)
                0x0000000020000068                PROVIDE (__fini_array_end, .)
 *(.jcr)
                0x0000000020000068                . = ALIGN (0x4)
                0x0000000020000068                __data_end__ = .

.igot.plt       0x0000000020000068        0x0 load address 0x0000000000002088
 .igot.plt      0x0000000000000000        0x0 /Users/ravitejareddy/Google Drive/nrf51822_development/gcc-arm-none-eabi-4_9-2015q1/bin/../lib/gcc/arm-none-eabi/4.9.3/armv6-m/crtbegin.o

.bss            0x0000000020000068      0x17c load address 0x0000000000002088
                0x0000000020000068                . = ALIGN (0x4)
                0x0000000020000068                __bss_start__ = .
 *(.bss*)
 .bss.rx_buf.5899
                0x0000000020000068        0x4 _build/main.o
 .bss.tx_buf.5900
                0x000000002000006c      0x100 _build/main.o
 .bss.m_event_handler
                0x000000002000016c        0x4 _build/app_uart_fifo.o
 .bss.m_tx_fifo
                0x0000000020000170       0x10 _build/app_uart_fifo.o
 .bss.m_current_state
                0x0000000020000180        0x1 _build/app_uart_fifo.o
 *fill*         0x0000000020000181        0x3 
 .bss.m_rx_fifo
                0x0000000020000184       0x10 _build/app_uart_fifo.o
 .bss.m_cb      0x0000000020000194       0x40 _build/nrf_drv_gpiote.o
 .bss.__malloc_sbrk_start
                0x00000000200001d4        0x4 /Users/ravitejareddy/Google Drive/nrf51822_development/gcc-arm-none-eabi-4_9-2015q1/bin/../lib/gcc/arm-none-eabi/4.9.3/../../../../arm-none-eabi/lib/armv6-m/libc_nano.a(lib_a-nano-mallocr.o)
                0x00000000200001d4                __malloc_sbrk_start
 .bss.__malloc_free_list
                0x00000000200001d8        0x4 /Users/ravitejareddy/Google Drive/nrf51822_development/gcc-arm-none-eabi-4_9-2015q1/bin/../lib/gcc/arm-none-eabi/4.9.3/../../../../arm-none-eabi/lib/armv6-m/libc_nano.a(lib_a-nano-mallocr.o)
                0x00000000200001d8                __malloc_free_list
 .bss.heap_end.4079
                0x00000000200001dc        0x4 /Users/ravitejareddy/Google Drive/nrf51822_development/gcc-arm-none-eabi-4_9-2015q1/bin/../lib/gcc/arm-none-eabi/4.9.3/../../../../arm-none-eabi/lib/armv6-m/libnosys.a(sbrk.o)
 *(COMMON)
 COMMON         0x00000000200001e0        0x4 /Users/ravitejareddy/Google Drive/nrf51822_development/gcc-arm-none-eabi-4_9-2015q1/bin/../lib/gcc/arm-none-eabi/4.9.3/../../../../arm-none-eabi/lib/armv6-m/libc_nano.a(lib_a-reent.o)
                0x00000000200001e0                errno
                0x00000000200001e4                . = ALIGN (0x4)
                0x00000000200001e4                __bss_end__ = .

.heap           0x00000000200001e8      0x800
                0x00000000200001e8                __end__ = .
                0x00000000200001e8                end = __end__
 *(.heap*)
 .heap          0x00000000200001e8      0x800 _build/gcc_startup_nrf51.o
                0x00000000200001e8                __HeapBase
                0x00000000200009e8                __HeapLimit = .

.stack_dummy    0x00000000200001e8      0x800
 *(.stack*)
 .stack         0x00000000200001e8      0x800 _build/gcc_startup_nrf51.o
                0x0000000020002000                __StackTop = (ORIGIN (RAM) + 0x2000)
                0x0000000020001800                __StackLimit = (__StackTop - SIZEOF (.stack_dummy))
                0x0000000020002000                PROVIDE (__stack, __StackTop)
                0x0000000000000001                ASSERT ((__StackLimit >= __HeapLimit), region RAM overflowed with stack)
OUTPUT(_build/nrf51422_xxac.out elf32-littlearm)

.ARM.attributes
                0x0000000000000000       0x28
 .ARM.attributes
                0x0000000000000000       0x1e /Users/ravitejareddy/Google Drive/nrf51822_development/gcc-arm-none-eabi-4_9-2015q1/bin/../lib/gcc/arm-none-eabi/4.9.3/armv6-m/crti.o
 .ARM.attributes
                0x000000000000001e       0x1b /Users/ravitejareddy/Google Drive/nrf51822_development/gcc-arm-none-eabi-4_9-2015q1/bin/../lib/gcc/arm-none-eabi/4.9.3/../../../../arm-none-eabi/lib/armv6-m/crt0.o
 .ARM.attributes
                0x0000000000000039       0x2c /Users/ravitejareddy/Google Drive/nrf51822_development/gcc-arm-none-eabi-4_9-2015q1/bin/../lib/gcc/arm-none-eabi/4.9.3/../../../../arm-none-eabi/lib/armv6-m/libc_nano.a(lib_a-exit.o)
 .ARM.attributes
                0x0000000000000065       0x2c /Users/ravitejareddy/Google Drive/nrf51822_development/gcc-arm-none-eabi-4_9-2015q1/bin/../lib/gcc/arm-none-eabi/4.9.3/../../../../arm-none-eabi/lib/armv6-m/libc_nano.a(lib_a-impure.o)
 .ARM.attributes
                0x0000000000000091       0x2c /Users/ravitejareddy/Google Drive/nrf51822_development/gcc-arm-none-eabi-4_9-2015q1/bin/../lib/gcc/arm-none-eabi/4.9.3/../../../../arm-none-eabi/lib/armv6-m/libc_nano.a(lib_a-init.o)
 .ARM.attributes
                0x00000000000000bd       0x2c /Users/ravitejareddy/Google Drive/nrf51822_development/gcc-arm-none-eabi-4_9-2015q1/bin/../lib/gcc/arm-none-eabi/4.9.3/../../../../arm-none-eabi/lib/armv6-m/libc_nano.a(lib_a-memset.o)
 .ARM.attributes
                0x00000000000000e9       0x2c /Users/ravitejareddy/Google Drive/nrf51822_development/gcc-arm-none-eabi-4_9-2015q1/bin/../lib/gcc/arm-none-eabi/4.9.3/../../../../arm-none-eabi/lib/armv6-m/libnosys.a(_exit.o)
 .ARM.attributes
                0x0000000000000115       0x31 _build/system_nrf51.o
 .ARM.attributes
                0x0000000000000146       0x31 _build/main.o
 .ARM.attributes
                0x0000000000000177       0x31 _build/app_error.o
 .ARM.attributes
                0x00000000000001a8       0x31 _build/app_fifo.o
 .ARM.attributes
                0x00000000000001d9       0x31 _build/retarget.o
 .ARM.attributes
                0x000000000000020a       0x31 _build/app_uart_fifo.o
 .ARM.attributes
                0x000000000000023b       0x31 _build/nrf_drv_common.o
 .ARM.attributes
                0x000000000000026c       0x31 _build/nrf_drv_gpiote.o
 .ARM.attributes
                0x000000000000029d       0x1b _build/gcc_startup_nrf51.o
 .ARM.attributes
                0x00000000000002b8       0x2c /Users/ravitejareddy/Google Drive/nrf51822_development/gcc-arm-none-eabi-4_9-2015q1/bin/../lib/gcc/arm-none-eabi/4.9.3/../../../../arm-none-eabi/lib/armv6-m/libc_nano.a(lib_a-printf.o)
 .ARM.attributes
                0x00000000000002e4       0x2c /Users/ravitejareddy/Google Drive/nrf51822_development/gcc-arm-none-eabi-4_9-2015q1/bin/../lib/gcc/arm-none-eabi/4.9.3/../../../../arm-none-eabi/lib/armv6-m/libc_nano.a(lib_a-findfp.o)
 .ARM.attributes
                0x0000000000000310       0x2c /Users/ravitejareddy/Google Drive/nrf51822_development/gcc-arm-none-eabi-4_9-2015q1/bin/../lib/gcc/arm-none-eabi/4.9.3/../../../../arm-none-eabi/lib/armv6-m/libc_nano.a(lib_a-fwalk.o)
 .ARM.attributes
                0x000000000000033c       0x2c /Users/ravitejareddy/Google Drive/nrf51822_development/gcc-arm-none-eabi-4_9-2015q1/bin/../lib/gcc/arm-none-eabi/4.9.3/../../../../arm-none-eabi/lib/armv6-m/libc_nano.a(lib_a-nano-mallocr.o)
 .ARM.attributes
                0x0000000000000368       0x2c /Users/ravitejareddy/Google Drive/nrf51822_development/gcc-arm-none-eabi-4_9-2015q1/bin/../lib/gcc/arm-none-eabi/4.9.3/../../../../arm-none-eabi/lib/armv6-m/libc_nano.a(lib_a-nano-vfprintf.o)
 .ARM.attributes
                0x0000000000000394       0x2c /Users/ravitejareddy/Google Drive/nrf51822_development/gcc-arm-none-eabi-4_9-2015q1/bin/../lib/gcc/arm-none-eabi/4.9.3/../../../../arm-none-eabi/lib/armv6-m/libc_nano.a(lib_a-nano-vfprintf_i.o)
 .ARM.attributes
                0x00000000000003c0       0x2c /Users/ravitejareddy/Google Drive/nrf51822_development/gcc-arm-none-eabi-4_9-2015q1/bin/../lib/gcc/arm-none-eabi/4.9.3/../../../../arm-none-eabi/lib/armv6-m/libc_nano.a(lib_a-sbrkr.o)
 .ARM.attributes
                0x00000000000003ec       0x2c /Users/ravitejareddy/Google Drive/nrf51822_development/gcc-arm-none-eabi-4_9-2015q1/bin/../lib/gcc/arm-none-eabi/4.9.3/../../../../arm-none-eabi/lib/armv6-m/libc_nano.a(lib_a-stdio.o)
 .ARM.attributes
                0x0000000000000418       0x2c /Users/ravitejareddy/Google Drive/nrf51822_development/gcc-arm-none-eabi-4_9-2015q1/bin/../lib/gcc/arm-none-eabi/4.9.3/../../../../arm-none-eabi/lib/armv6-m/libc_nano.a(lib_a-wbuf.o)
 .ARM.attributes
                0x0000000000000444       0x2c /Users/ravitejareddy/Google Drive/nrf51822_development/gcc-arm-none-eabi-4_9-2015q1/bin/../lib/gcc/arm-none-eabi/4.9.3/../../../../arm-none-eabi/lib/armv6-m/libc_nano.a(lib_a-writer.o)
 .ARM.attributes
                0x0000000000000470       0x2c /Users/ravitejareddy/Google Drive/nrf51822_development/gcc-arm-none-eabi-4_9-2015q1/bin/../lib/gcc/arm-none-eabi/4.9.3/../../../../arm-none-eabi/lib/armv6-m/libc_nano.a(lib_a-wsetup.o)
 .ARM.attributes
                0x000000000000049c       0x2c /Users/ravitejareddy/Google Drive/nrf51822_development/gcc-arm-none-eabi-4_9-2015q1/bin/../lib/gcc/arm-none-eabi/4.9.3/../../../../arm-none-eabi/lib/armv6-m/libc_nano.a(lib_a-closer.o)
 .ARM.attributes
                0x00000000000004c8       0x2c /Users/ravitejareddy/Google Drive/nrf51822_development/gcc-arm-none-eabi-4_9-2015q1/bin/../lib/gcc/arm-none-eabi/4.9.3/../../../../arm-none-eabi/lib/armv6-m/libc_nano.a(lib_a-fflush.o)
 .ARM.attributes
                0x00000000000004f4       0x2c /Users/ravitejareddy/Google Drive/nrf51822_development/gcc-arm-none-eabi-4_9-2015q1/bin/../lib/gcc/arm-none-eabi/4.9.3/../../../../arm-none-eabi/lib/armv6-m/libc_nano.a(lib_a-lseekr.o)
 .ARM.attributes
                0x0000000000000520       0x2c /Users/ravitejareddy/Google Drive/nrf51822_development/gcc-arm-none-eabi-4_9-2015q1/bin/../lib/gcc/arm-none-eabi/4.9.3/../../../../arm-none-eabi/lib/armv6-m/libc_nano.a(lib_a-makebuf.o)
 .ARM.attributes
                0x000000000000054c       0x2c /Users/ravitejareddy/Google Drive/nrf51822_development/gcc-arm-none-eabi-4_9-2015q1/bin/../lib/gcc/arm-none-eabi/4.9.3/../../../../arm-none-eabi/lib/armv6-m/libc_nano.a(lib_a-memchr.o)
 .ARM.attributes
                0x0000000000000578       0x2c /Users/ravitejareddy/Google Drive/nrf51822_development/gcc-arm-none-eabi-4_9-2015q1/bin/../lib/gcc/arm-none-eabi/4.9.3/../../../../arm-none-eabi/lib/armv6-m/libc_nano.a(lib_a-nano-freer.o)
 .ARM.attributes
                0x00000000000005a4       0x2c /Users/ravitejareddy/Google Drive/nrf51822_development/gcc-arm-none-eabi-4_9-2015q1/bin/../lib/gcc/arm-none-eabi/4.9.3/../../../../arm-none-eabi/lib/armv6-m/libc_nano.a(lib_a-readr.o)
 .ARM.attributes
                0x00000000000005d0       0x2c /Users/ravitejareddy/Google Drive/nrf51822_development/gcc-arm-none-eabi-4_9-2015q1/bin/../lib/gcc/arm-none-eabi/4.9.3/../../../../arm-none-eabi/lib/armv6-m/libc_nano.a(lib_a-reent.o)
 .ARM.attributes
                0x00000000000005fc       0x2c /Users/ravitejareddy/Google Drive/nrf51822_development/gcc-arm-none-eabi-4_9-2015q1/bin/../lib/gcc/arm-none-eabi/4.9.3/../../../../arm-none-eabi/lib/armv6-m/libc_nano.a(lib_a-fstatr.o)
 .ARM.attributes
                0x0000000000000628       0x2c /Users/ravitejareddy/Google Drive/nrf51822_development/gcc-arm-none-eabi-4_9-2015q1/bin/../lib/gcc/arm-none-eabi/4.9.3/../../../../arm-none-eabi/lib/armv6-m/libc_nano.a(lib_a-isattyr.o)
 .ARM.attributes
                0x0000000000000654       0x1e /Users/ravitejareddy/Google Drive/nrf51822_development/gcc-arm-none-eabi-4_9-2015q1/bin/../lib/gcc/arm-none-eabi/4.9.3/armv6-m/libgcc.a(_udivsi3.o)
 .ARM.attributes
                0x0000000000000672       0x1e /Users/ravitejareddy/Google Drive/nrf51822_development/gcc-arm-none-eabi-4_9-2015q1/bin/../lib/gcc/arm-none-eabi/4.9.3/armv6-m/libgcc.a(_dvmd_tls.o)
 .ARM.attributes
                0x0000000000000690       0x1e /Users/ravitejareddy/Google Drive/nrf51822_development/gcc-arm-none-eabi-4_9-2015q1/bin/../lib/gcc/arm-none-eabi/4.9.3/armv6-m/crtn.o
 .ARM.attributes
                0x00000000000006ae       0x2c /Users/ravitejareddy/Google Drive/nrf51822_development/gcc-arm-none-eabi-4_9-2015q1/bin/../lib/gcc/arm-none-eabi/4.9.3/../../../../arm-none-eabi/lib/armv6-m/libnosys.a(close.o)
 .ARM.attributes
                0x00000000000006da       0x2c /Users/ravitejareddy/Google Drive/nrf51822_development/gcc-arm-none-eabi-4_9-2015q1/bin/../lib/gcc/arm-none-eabi/4.9.3/../../../../arm-none-eabi/lib/armv6-m/libnosys.a(fstat.o)
 .ARM.attributes
                0x0000000000000706       0x2c /Users/ravitejareddy/Google Drive/nrf51822_development/gcc-arm-none-eabi-4_9-2015q1/bin/../lib/gcc/arm-none-eabi/4.9.3/../../../../arm-none-eabi/lib/armv6-m/libnosys.a(isatty.o)
 .ARM.attributes
                0x0000000000000732       0x2c /Users/ravitejareddy/Google Drive/nrf51822_development/gcc-arm-none-eabi-4_9-2015q1/bin/../lib/gcc/arm-none-eabi/4.9.3/../../../../arm-none-eabi/lib/armv6-m/libnosys.a(lseek.o)
 .ARM.attributes
                0x000000000000075e       0x2c /Users/ravitejareddy/Google Drive/nrf51822_development/gcc-arm-none-eabi-4_9-2015q1/bin/../lib/gcc/arm-none-eabi/4.9.3/../../../../arm-none-eabi/lib/armv6-m/libnosys.a(sbrk.o)

.comment        0x0000000000000000       0x70
 .comment       0x0000000000000000       0x70 _build/system_nrf51.o
                                         0x71 (size before relaxing)
 .comment       0x0000000000000000       0x71 _build/main.o
 .comment       0x0000000000000000       0x71 _build/app_error.o
 .comment       0x0000000000000000       0x71 _build/app_fifo.o
 .comment       0x0000000000000000       0x71 _build/retarget.o
 .comment       0x0000000000000000       0x71 _build/app_uart_fifo.o
 .comment       0x0000000000000000       0x71 _build/nrf_drv_common.o
 .comment       0x0000000000000000       0x71 _build/nrf_drv_gpiote.o

.debug_frame    0x0000000000000000      0x7bc
 .debug_frame   0x0000000000000000       0x28 /Users/ravitejareddy/Google Drive/nrf51822_development/gcc-arm-none-eabi-4_9-2015q1/bin/../lib/gcc/arm-none-eabi/4.9.3/../../../../arm-none-eabi/lib/armv6-m/libc_nano.a(lib_a-exit.o)
 .debug_frame   0x0000000000000028       0x2c /Users/ravitejareddy/Google Drive/nrf51822_development/gcc-arm-none-eabi-4_9-2015q1/bin/../lib/gcc/arm-none-eabi/4.9.3/../../../../arm-none-eabi/lib/armv6-m/libc_nano.a(lib_a-init.o)
 .debug_frame   0x0000000000000054       0x20 /Users/ravitejareddy/Google Drive/nrf51822_development/gcc-arm-none-eabi-4_9-2015q1/bin/../lib/gcc/arm-none-eabi/4.9.3/../../../../arm-none-eabi/lib/armv6-m/libc_nano.a(lib_a-memset.o)
 .debug_frame   0x0000000000000074       0x20 /Users/ravitejareddy/Google Drive/nrf51822_development/gcc-arm-none-eabi-4_9-2015q1/bin/../lib/gcc/arm-none-eabi/4.9.3/../../../../arm-none-eabi/lib/armv6-m/libnosys.a(_exit.o)
 .debug_frame   0x0000000000000094       0x50 /Users/ravitejareddy/Google Drive/nrf51822_development/gcc-arm-none-eabi-4_9-2015q1/bin/../lib/gcc/arm-none-eabi/4.9.3/../../../../arm-none-eabi/lib/armv6-m/libc_nano.a(lib_a-printf.o)
 .debug_frame   0x00000000000000e4      0x140 /Users/ravitejareddy/Google Drive/nrf51822_development/gcc-arm-none-eabi-4_9-2015q1/bin/../lib/gcc/arm-none-eabi/4.9.3/../../../../arm-none-eabi/lib/armv6-m/libc_nano.a(lib_a-findfp.o)
 .debug_frame   0x0000000000000224       0x58 /Users/ravitejareddy/Google Drive/nrf51822_development/gcc-arm-none-eabi-4_9-2015q1/bin/../lib/gcc/arm-none-eabi/4.9.3/../../../../arm-none-eabi/lib/armv6-m/libc_nano.a(lib_a-fwalk.o)
 .debug_frame   0x000000000000027c       0x2c /Users/ravitejareddy/Google Drive/nrf51822_development/gcc-arm-none-eabi-4_9-2015q1/bin/../lib/gcc/arm-none-eabi/4.9.3/../../../../arm-none-eabi/lib/armv6-m/libc_nano.a(lib_a-nano-mallocr.o)
 .debug_frame   0x00000000000002a8       0xa0 /Users/ravitejareddy/Google Drive/nrf51822_development/gcc-arm-none-eabi-4_9-2015q1/bin/../lib/gcc/arm-none-eabi/4.9.3/../../../../arm-none-eabi/lib/armv6-m/libc_nano.a(lib_a-nano-vfprintf.o)
 .debug_frame   0x0000000000000348       0x54 /Users/ravitejareddy/Google Drive/nrf51822_development/gcc-arm-none-eabi-4_9-2015q1/bin/../lib/gcc/arm-none-eabi/4.9.3/../../../../arm-none-eabi/lib/armv6-m/libc_nano.a(lib_a-nano-vfprintf_i.o)
 .debug_frame   0x000000000000039c       0x2c /Users/ravitejareddy/Google Drive/nrf51822_development/gcc-arm-none-eabi-4_9-2015q1/bin/../lib/gcc/arm-none-eabi/4.9.3/../../../../arm-none-eabi/lib/armv6-m/libc_nano.a(lib_a-sbrkr.o)
 .debug_frame   0x00000000000003c8       0x90 /Users/ravitejareddy/Google Drive/nrf51822_development/gcc-arm-none-eabi-4_9-2015q1/bin/../lib/gcc/arm-none-eabi/4.9.3/../../../../arm-none-eabi/lib/armv6-m/libc_nano.a(lib_a-stdio.o)
 .debug_frame   0x0000000000000458       0x44 /Users/ravitejareddy/Google Drive/nrf51822_development/gcc-arm-none-eabi-4_9-2015q1/bin/../lib/gcc/arm-none-eabi/4.9.3/../../../../arm-none-eabi/lib/armv6-m/libc_nano.a(lib_a-wbuf.o)
 .debug_frame   0x000000000000049c       0x2c /Users/ravitejareddy/Google Drive/nrf51822_development/gcc-arm-none-eabi-4_9-2015q1/bin/../lib/gcc/arm-none-eabi/4.9.3/../../../../arm-none-eabi/lib/armv6-m/libc_nano.a(lib_a-writer.o)
 .debug_frame   0x00000000000004c8       0x2c /Users/ravitejareddy/Google Drive/nrf51822_development/gcc-arm-none-eabi-4_9-2015q1/bin/../lib/gcc/arm-none-eabi/4.9.3/../../../../arm-none-eabi/lib/armv6-m/libc_nano.a(lib_a-wsetup.o)
 .debug_frame   0x00000000000004f4       0x2c /Users/ravitejareddy/Google Drive/nrf51822_development/gcc-arm-none-eabi-4_9-2015q1/bin/../lib/gcc/arm-none-eabi/4.9.3/../../../../arm-none-eabi/lib/armv6-m/libc_nano.a(lib_a-closer.o)
 .debug_frame   0x0000000000000520       0x68 /Users/ravitejareddy/Google Drive/nrf51822_development/gcc-arm-none-eabi-4_9-2015q1/bin/../lib/gcc/arm-none-eabi/4.9.3/../../../../arm-none-eabi/lib/armv6-m/libc_nano.a(lib_a-fflush.o)
 .debug_frame   0x0000000000000588       0x2c /Users/ravitejareddy/Google Drive/nrf51822_development/gcc-arm-none-eabi-4_9-2015q1/bin/../lib/gcc/arm-none-eabi/4.9.3/../../../../arm-none-eabi/lib/armv6-m/libc_nano.a(lib_a-lseekr.o)
 .debug_frame   0x00000000000005b4       0x30 /Users/ravitejareddy/Google Drive/nrf51822_development/gcc-arm-none-eabi-4_9-2015q1/bin/../lib/gcc/arm-none-eabi/4.9.3/../../../../arm-none-eabi/lib/armv6-m/libc_nano.a(lib_a-makebuf.o)
 .debug_frame   0x00000000000005e4       0x20 /Users/ravitejareddy/Google Drive/nrf51822_development/gcc-arm-none-eabi-4_9-2015q1/bin/../lib/gcc/arm-none-eabi/4.9.3/../../../../arm-none-eabi/lib/armv6-m/libc_nano.a(lib_a-memchr.o)
 .debug_frame   0x0000000000000604       0x2c /Users/ravitejareddy/Google Drive/nrf51822_development/gcc-arm-none-eabi-4_9-2015q1/bin/../lib/gcc/arm-none-eabi/4.9.3/../../../../arm-none-eabi/lib/armv6-m/libc_nano.a(lib_a-nano-freer.o)
 .debug_frame   0x0000000000000630       0x2c /Users/ravitejareddy/Google Drive/nrf51822_development/gcc-arm-none-eabi-4_9-2015q1/bin/../lib/gcc/arm-none-eabi/4.9.3/../../../../arm-none-eabi/lib/armv6-m/libc_nano.a(lib_a-readr.o)
 .debug_frame   0x000000000000065c       0x48 /Users/ravitejareddy/Google Drive/nrf51822_development/gcc-arm-none-eabi-4_9-2015q1/bin/../lib/gcc/arm-none-eabi/4.9.3/../../../../arm-none-eabi/lib/armv6-m/libc_nano.a(lib_a-reent.o)
 .debug_frame   0x00000000000006a4       0x2c /Users/ravitejareddy/Google Drive/nrf51822_development/gcc-arm-none-eabi-4_9-2015q1/bin/../lib/gcc/arm-none-eabi/4.9.3/../../../../arm-none-eabi/lib/armv6-m/libc_nano.a(lib_a-fstatr.o)
 .debug_frame   0x00000000000006d0       0x2c /Users/ravitejareddy/Google Drive/nrf51822_development/gcc-arm-none-eabi-4_9-2015q1/bin/../lib/gcc/arm-none-eabi/4.9.3/../../../../arm-none-eabi/lib/armv6-m/libc_nano.a(lib_a-isattyr.o)
 .debug_frame   0x00000000000006fc       0x20 /Users/ravitejareddy/Google Drive/nrf51822_development/gcc-arm-none-eabi-4_9-2015q1/bin/../lib/gcc/arm-none-eabi/4.9.3/armv6-m/libgcc.a(_udivsi3.o)
 .debug_frame   0x000000000000071c       0x20 /Users/ravitejareddy/Google Drive/nrf51822_development/gcc-arm-none-eabi-4_9-2015q1/bin/../lib/gcc/arm-none-eabi/4.9.3/../../../../arm-none-eabi/lib/armv6-m/libnosys.a(close.o)
 .debug_frame   0x000000000000073c       0x20 /Users/ravitejareddy/Google Drive/nrf51822_development/gcc-arm-none-eabi-4_9-2015q1/bin/../lib/gcc/arm-none-eabi/4.9.3/../../../../arm-none-eabi/lib/armv6-m/libnosys.a(fstat.o)
 .debug_frame   0x000000000000075c       0x20 /Users/ravitejareddy/Google Drive/nrf51822_development/gcc-arm-none-eabi-4_9-2015q1/bin/../lib/gcc/arm-none-eabi/4.9.3/../../../../arm-none-eabi/lib/armv6-m/libnosys.a(isatty.o)
 .debug_frame   0x000000000000077c       0x20 /Users/ravitejareddy/Google Drive/nrf51822_development/gcc-arm-none-eabi-4_9-2015q1/bin/../lib/gcc/arm-none-eabi/4.9.3/../../../../arm-none-eabi/lib/armv6-m/libnosys.a(lseek.o)
 .debug_frame   0x000000000000079c       0x20 /Users/ravitejareddy/Google Drive/nrf51822_development/gcc-arm-none-eabi-4_9-2015q1/bin/../lib/gcc/arm-none-eabi/4.9.3/../../../../arm-none-eabi/lib/armv6-m/libnosys.a(sbrk.o)

.stab           0x0000000000000000       0x6c
 .stab          0x0000000000000000       0x24 /Users/ravitejareddy/Google Drive/nrf51822_development/gcc-arm-none-eabi-4_9-2015q1/bin/../lib/gcc/arm-none-eabi/4.9.3/../../../../arm-none-eabi/lib/armv6-m/libnosys.a(close.o)
 .stab          0x0000000000000024       0x18 /Users/ravitejareddy/Google Drive/nrf51822_development/gcc-arm-none-eabi-4_9-2015q1/bin/../lib/gcc/arm-none-eabi/4.9.3/../../../../arm-none-eabi/lib/armv6-m/libnosys.a(fstat.o)
                                         0x24 (size before relaxing)
 .stab          0x000000000000003c       0x18 /Users/ravitejareddy/Google Drive/nrf51822_development/gcc-arm-none-eabi-4_9-2015q1/bin/../lib/gcc/arm-none-eabi/4.9.3/../../../../arm-none-eabi/lib/armv6-m/libnosys.a(isatty.o)
                                         0x24 (size before relaxing)
 .stab          0x0000000000000054       0x18 /Users/ravitejareddy/Google Drive/nrf51822_development/gcc-arm-none-eabi-4_9-2015q1/bin/../lib/gcc/arm-none-eabi/4.9.3/../../../../arm-none-eabi/lib/armv6-m/libnosys.a(lseek.o)
                                         0x24 (size before relaxing)

.stabstr        0x0000000000000000       0xe3
 .stabstr       0x0000000000000000       0xe3 /Users/ravitejareddy/Google Drive/nrf51822_development/gcc-arm-none-eabi-4_9-2015q1/bin/../lib/gcc/arm-none-eabi/4.9.3/../../../../arm-none-eabi/lib/armv6-m/libnosys.a(close.o)
